// Vitest Snapshot v1, https://vitest.dev/guide/snapshot.html

exports[`DeleteListButton renders correctly 1`] = `
<div>
  <button
    class="h-[30px]"
  >
    <svg
      class="hidden h-[30px] w-[30px] cursor-pointer group-hover/list:block"
      fill="none"
      stroke="currentColor"
      stroke-width="{1.5}"
      viewBox="0 0 24 24"
      xmlns="http://www.w3.org/2000/svg"
    >
      <path
        d="m9.75 9.75 4.5 4.5m0-4.5-4.5 4.5M21 12a9 9 0 1 1-18 0 9 9 0 0 1 18 0Z"
        stroke-linecap="round"
        stroke-linejoin="round"
      />
    </svg>
  </button>
</div>
`;
