// Vitest Snapshot v1, https://vitest.dev/guide/snapshot.html

exports[`Footer renders correctly 1`] = `
<div>
  <footer
    class="sticky bottom-0 left-0 flex w-screen items-center justify-center space-x-8 border-t-2 border-blue bg-off-white-light p-8"
  >
    <form>
      <input
        class="border-0 bg-transparent text-3xl font-semibold text-blue placeholder:text-blue placeholder:opacity-50 focus:outline-none"
        name="title"
        placeholder="List title"
        type="text"
      />
      <button
        class="mr-3 rounded bg-teal px-6 py-4 text-xl font-semibold text-off-white-light"
        type="submit"
      >
        Save
      </button>
      <button
        class="rounded bg-teal px-6 py-4 text-xl font-semibold text-off-white-light"
        type="button"
      >
        Clear Board
      </button>
    </form>
  </footer>
</div>
`;
