// Vitest Snapshot v1, https://vitest.dev/guide/snapshot.html

exports[`Header renders correctly 1`] = `
<div>
  <header
    class="sticky top-0 border-b-2 border-blue bg-off-white-light pb-8 pt-8"
  >
    <img
      alt="logo"
      class="logo mx-auto w-56"
      src="/src/assets/logo.png"
    />
  </header>
</div>
`;
