// Vitest Snapshot v1, https://vitest.dev/guide/snapshot.html

exports[`NewCardForm renders correctly 1`] = `
<div>
  <div
    class="group/new-card m-3 flex h-44 w-full justify-center"
  >
    <form
      class="hidden min-h-24 w-full flex-col items-start rounded bg-off-white-light px-4 text-blue group-hover/new-card:flex"
    >
      <input
        class="w-11/12 resize-none overflow-auto rounded-t-3xl border-0 bg-off-white-light px-0 py-6 text-xl font-black text-blue outline-none"
        name="title"
        placeholder="Title"
        type="text"
      />
      <textarea
        class="w-11/12 resize-none overflow-auto border-0 bg-off-white-light text-blue outline-none"
        name="description"
        placeholder="Description"
      />
      <div
        class="buttons w-full"
      >
        <button
          class="w-full p-4"
          type="submit"
        >
          Save
        </button>
      </div>
    </form>
  </div>
</div>
`;
